// Jest Snapshot v1, https://goo.gl/fbAQLP

exports[`should render ExpenseSummary with expenses 1`] = `
<div>
  <p>
     Viewing 
    3
     expenses 
    totalling 
    $1,141.95
     
  </p>
</div>
`;

exports[`should render ExpensesSummary without expenses 1`] = `<div />`;
